Archive member included to satisfy reference by file (symbol)

C:/msys64/ucrt64/bin/../lib/gcc/arm-none-eabi/16.1.0/../../../../arm-none-eabi/lib/thumb/v7-m/nofp\libc_nano.a(libc_a-atexit.o)
                              C:/msys64/ucrt64/bin/../lib/gcc/arm-none-eabi/16.1.0/../../../../arm-none-eabi/lib/thumb/v7-m/nofp/crt0.o (atexit)
C:/msys64/ucrt64/bin/../lib/gcc/arm-none-eabi/16.1.0/../../../../arm-none-eabi/lib/thumb/v7-m/nofp\libc_nano.a(libc_a-exit.o)
                              C:/msys64/ucrt64/bin/../lib/gcc/arm-none-eabi/16.1.0/../../../../arm-none-eabi/lib/thumb/v7-m/nofp/crt0.o (exit)
C:/msys64/ucrt64/bin/../lib/gcc/arm-none-eabi/16.1.0/../../../../arm-none-eabi/lib/thumb/v7-m/nofp\libc_nano.a(libc_a-findfp.o)
                              C:/msys64/ucrt64/bin/../lib/gcc/arm-none-eabi/16.1.0/../../../../arm-none-eabi/lib/thumb/v7-m/nofp\libc_nano.a(libc_a-exit.o) (__stdio_exit_handler)
C:/msys64/ucrt64/bin/../lib/gcc/arm-none-eabi/16.1.0/../../../../arm-none-eabi/lib/thumb/v7-m/nofp\libc_nano.a(libc_a-fwalk.o)
                              C:/msys64/ucrt64/bin/../lib/gcc/arm-none-eabi/16.1.0/../../../../arm-none-eabi/lib/thumb/v7-m/nofp\libc_nano.a(libc_a-findfp.o) (_fwalk_sglue)
C:/msys64/ucrt64/bin/../lib/gcc/arm-none-eabi/16.1.0/../../../../arm-none-eabi/lib/thumb/v7-m/nofp\libc_nano.a(libc_a-stdio.o)
                              C:/msys64/ucrt64/bin/../lib/gcc/arm-none-eabi/16.1.0/../../../../arm-none-eabi/lib/thumb/v7-m/nofp\libc_nano.a(libc_a-findfp.o) (__sread)
C:/msys64/ucrt64/bin/../lib/gcc/arm-none-eabi/16.1.0/../../../../arm-none-eabi/lib/thumb/v7-m/nofp\libc_nano.a(libc_a-memset.o)
                              C:/msys64/ucrt64/bin/../lib/gcc/arm-none-eabi/16.1.0/../../../../arm-none-eabi/lib/thumb/v7-m/nofp/crt0.o (memset)
C:/msys64/ucrt64/bin/../lib/gcc/arm-none-eabi/16.1.0/../../../../arm-none-eabi/lib/thumb/v7-m/nofp\libc_nano.a(libc_a-closer.o)
                              C:/msys64/ucrt64/bin/../lib/gcc/arm-none-eabi/16.1.0/../../../../arm-none-eabi/lib/thumb/v7-m/nofp\libc_nano.a(libc_a-stdio.o) (_close_r)
C:/msys64/ucrt64/bin/../lib/gcc/arm-none-eabi/16.1.0/../../../../arm-none-eabi/lib/thumb/v7-m/nofp\libc_nano.a(libc_a-reent.o)
                              C:/msys64/ucrt64/bin/../lib/gcc/arm-none-eabi/16.1.0/../../../../arm-none-eabi/lib/thumb/v7-m/nofp\libc_nano.a(libc_a-closer.o) (errno)
C:/msys64/ucrt64/bin/../lib/gcc/arm-none-eabi/16.1.0/../../../../arm-none-eabi/lib/thumb/v7-m/nofp\libc_nano.a(libc_a-impure.o)
                              C:/msys64/ucrt64/bin/../lib/gcc/arm-none-eabi/16.1.0/../../../../arm-none-eabi/lib/thumb/v7-m/nofp\libc_nano.a(libc_a-reent.o) (_impure_ptr)
C:/msys64/ucrt64/bin/../lib/gcc/arm-none-eabi/16.1.0/../../../../arm-none-eabi/lib/thumb/v7-m/nofp\libc_nano.a(libc_a-lseekr.o)
                              C:/msys64/ucrt64/bin/../lib/gcc/arm-none-eabi/16.1.0/../../../../arm-none-eabi/lib/thumb/v7-m/nofp\libc_nano.a(libc_a-stdio.o) (_lseek_r)
C:/msys64/ucrt64/bin/../lib/gcc/arm-none-eabi/16.1.0/../../../../arm-none-eabi/lib/thumb/v7-m/nofp\libc_nano.a(libc_a-readr.o)
                              C:/msys64/ucrt64/bin/../lib/gcc/arm-none-eabi/16.1.0/../../../../arm-none-eabi/lib/thumb/v7-m/nofp\libc_nano.a(libc_a-stdio.o) (_read_r)
C:/msys64/ucrt64/bin/../lib/gcc/arm-none-eabi/16.1.0/../../../../arm-none-eabi/lib/thumb/v7-m/nofp\libc_nano.a(libc_a-writer.o)
                              C:/msys64/ucrt64/bin/../lib/gcc/arm-none-eabi/16.1.0/../../../../arm-none-eabi/lib/thumb/v7-m/nofp\libc_nano.a(libc_a-stdio.o) (_write_r)
C:/msys64/ucrt64/bin/../lib/gcc/arm-none-eabi/16.1.0/../../../../arm-none-eabi/lib/thumb/v7-m/nofp\libc_nano.a(libc_a-init.o)
                              C:/msys64/ucrt64/bin/../lib/gcc/arm-none-eabi/16.1.0/../../../../arm-none-eabi/lib/thumb/v7-m/nofp/crt0.o (__libc_init_array)
C:/msys64/ucrt64/bin/../lib/gcc/arm-none-eabi/16.1.0/../../../../arm-none-eabi/lib/thumb/v7-m/nofp\libc_nano.a(libc_a-fini.o)
                              C:/msys64/ucrt64/bin/../lib/gcc/arm-none-eabi/16.1.0/../../../../arm-none-eabi/lib/thumb/v7-m/nofp/crt0.o (__libc_fini_array)
C:/msys64/ucrt64/bin/../lib/gcc/arm-none-eabi/16.1.0/../../../../arm-none-eabi/lib/thumb/v7-m/nofp\libc_nano.a(libc_a-lock.o)
                              C:/msys64/ucrt64/bin/../lib/gcc/arm-none-eabi/16.1.0/../../../../arm-none-eabi/lib/thumb/v7-m/nofp\libc_nano.a(libc_a-findfp.o) (__retarget_lock_init_recursive)
C:/msys64/ucrt64/bin/../lib/gcc/arm-none-eabi/16.1.0/../../../../arm-none-eabi/lib/thumb/v7-m/nofp\libc_nano.a(libc_a-__atexit.o)
                              C:/msys64/ucrt64/bin/../lib/gcc/arm-none-eabi/16.1.0/../../../../arm-none-eabi/lib/thumb/v7-m/nofp\libc_nano.a(libc_a-atexit.o) (__register_exitproc)
C:/msys64/ucrt64/bin/../lib/gcc/arm-none-eabi/16.1.0/../../../../arm-none-eabi/lib/thumb/v7-m/nofp\libc_nano.a(libc_a-__call_atexit.o)
[...]
Memory Configuration

Name             Origin             Length             Attributes
FLASH            0x08000000         0x00020000         xr
RAM              0x20000000         0x00005000         xrw
*default*        0x00000000         0xffffffff

Linker script and memory map

LOAD C:/msys64/ucrt64/bin/../lib/gcc/arm-none-eabi/16.1.0/thumb/v7-m/nofp/crti.o
LOAD C:/msys64/ucrt64/bin/../lib/gcc/arm-none-eabi/16.1.0/thumb/v7-m/nofp/crtbegin.o
LOAD C:/msys64/ucrt64/bin/../lib/gcc/arm-none-eabi/16.1.0/../../../../arm-none-eabi/lib/thumb/v7-m/nofp/crt0.o
LOAD CMakeFiles/nonblocking_sync.elf.dir/nonblocking_sync.c.obj
LOAD CMakeFiles/nonblocking_sync.elf.dir/breath.c.obj
LOAD CMakeFiles/nonblocking_sync.elf.dir/e_/ek/lib/STM32Cube_FW_F1_V1.8.0/Drivers/CMSIS/Device/ST/STM32F1xx/Source/Templates/system_stm32f1xx.c.obj
LOAD CMakeFiles/nonblocking_sync.elf.dir/e_/ek/lib/STM32Cube_FW_F1_V1.8.0/Drivers/STM32F1xx_HAL_Driver/Src/stm32f1xx_hal.c.obj
LOAD CMakeFiles/nonblocking_sync.elf.dir/e_/ek/lib/STM32Cube_FW_F1_V1.8.0/Drivers/STM32F1xx_HAL_Driver/Src/stm32f1xx_hal_cortex.c.obj
LOAD CMakeFiles/nonblocking_sync.elf.dir/e_/ek/lib/STM32Cube_FW_F1_V1.8.0/Drivers/STM32F1xx_HAL_Driver/Src/stm32f1xx_hal_flash.c.obj
LOAD CMakeFiles/nonblocking_sync.elf.dir/e_/ek/lib/STM32Cube_FW_F1_V1.8.0/Drivers/STM32F1xx_HAL_Driver/Src/stm32f1xx_hal_flash_ex.c.obj
LOAD CMakeFiles/nonblocking_sync.elf.dir/e_/ek/lib/STM32Cube_FW_F1_V1.8.0/Drivers/STM32F1xx_HAL_Driver/Src/stm32f1xx_hal_gpio.c.obj
LOAD CMakeFiles/nonblocking_sync.elf.dir/e_/ek/lib/STM32Cube_FW_F1_V1.8.0/Drivers/STM32F1xx_HAL_Driver/Src/stm32f1xx_hal_rcc.c.obj
LOAD CMakeFiles/nonblocking_sync.elf.dir/e_/ek/lib/STM32Cube_FW_F1_V1.8.0/Drivers/STM32F1xx_HAL_Driver/Src/stm32f1xx_hal_tim.c.obj
LOAD CMakeFiles/nonblocking_sync.elf.dir/e_/ek/lib/STM32Cube_FW_F1_V1.8.0/Drivers/STM32F1xx_HAL_Driver/Src/stm32f1xx_hal_tim_ex.c.obj
LOAD CMakeFiles/nonblocking_sync.elf.dir/e_/ek/lib/STM32Cube_FW_F1_V1.8.0/Drivers/STM32F1xx_HAL_Driver/Src/stm32f1xx_ll_dma.c.obj
LOAD CMakeFiles/nonblocking_sync.elf.dir/e_/ek/lib/STM32Cube_FW_F1_V1.8.0/Drivers/STM32F1xx_HAL_Driver/Src/stm32f1xx_hal_dma.c.obj
LOAD CMakeFiles/nonblocking_sync.elf.dir/e_/ek/lib/STM32Cube_FW_F1_V1.8.0/Drivers/CMSIS/Device/ST/STM32F1xx/Source/Templates/gcc/startup_stm32f103xb.s.obj
START GROUP
LOAD C:/msys64/ucrt64/bin/../lib/gcc/arm-none-eabi/16.1.0/thumb/v7-m/nofp\libgcc.a
LOAD C:/msys64/ucrt64/bin/../lib/gcc/arm-none-eabi/16.1.0/../../../../arm-none-eabi/lib/thumb/v7-m/nofp\libc_nano.a
END GROUP
START GROUP
LOAD C:/msys64/ucrt64/bin/../lib/gcc/arm-none-eabi/16.1.0/thumb/v7-m/nofp\libgcc.a
LOAD C:/msys64/ucrt64/bin/../lib/gcc/arm-none-eabi/16.1.0/../../../../arm-none-eabi/lib/thumb/v7-m/nofp\libc_nano.a
LOAD C:/msys64/ucrt64/bin/../lib/gcc/arm-none-eabi/16.1.0/../../../../arm-none-eabi/lib/thumb/v7-m/nofp\libnosys.a
END GROUP
START GROUP
LOAD C:/msys64/ucrt64/bin/../lib/gcc/arm-none-eabi/16.1.0/thumb/v7-m/nofp\libgcc.a
LOAD C:/msys64/ucrt64/bin/../lib/gcc/arm-none-eabi/16.1.0/../../../../arm-none-eabi/lib/thumb/v7-m/nofp\libc_nano.a
LOAD C:/msys64/ucrt64/bin/../lib/gcc/arm-none-eabi/16.1.0/../../../../arm-none-eabi/lib/thumb/v7-m/nofp\libnosys.a
END GROUP
LOAD C:/msys64/ucrt64/bin/../lib/gcc/arm-none-eabi/16.1.0/thumb/v7-m/nofp/crtend.o
LOAD C:/msys64/ucrt64/bin/../lib/gcc/arm-none-eabi/16.1.0/thumb/v7-m/nofp/crtn.o
                0x20004fff                        _estack = 0x20004fff
                0x00000200                        _Min_Heap_Size = 0x200
                0x00000400                        _Min_Stack_Size = 0x400

.isr_vector     0x08000000      0x10c
                0x08000000                        . = ALIGN (0x4)
 *(.isr_vector)
 .isr_vector    0x08000000      0x10c CMakeFiles/nonblocking_sync.elf.dir/e_/ek/lib/STM32Cube_FW_F1_V1.8.0/Drivers/CMSIS/Device/ST/STM32F1xx/Source/Templates/gcc/startup_stm32f103xb.s.obj
                0x08000000                g_pfnVectors
                0x0800010c                        . = ALIGN (0x4)

.text           0x0800010c     0x1000
                0x0800010c                        . = ALIGN (0x4)
 *(.text)
 .text          0x0800010c       0x40 C:/msys64/ucrt64/bin/../lib/gcc/arm-none-eabi/16.1.0/thumb/v7-m/nofp/crtbegin.o
 .text          0x0800014c       0x50 C:/msys64/ucrt64/bin/../lib/gcc/arm-none-eabi/16.1.0/../../../../arm-none-eabi/lib/thumb/v7-m/nofp\libc_nano.a(libc_a-init.o)
                0x0800014c                __libc_init_array
 *(.text*)
 .text.SysTick_Handler
                0x0800019c        0xc CMakeFiles/nonblocking_sync.elf.dir/nonblocking_sync.c.obj
                0x0800019c                SysTick_Handler
 .text.main     0x080001a8       0xd0 CMakeFiles/nonblocking_sync.elf.dir/nonblocking_sync.c.obj
                0x080001a8                main
 .text.HAL_TIM_PWM_MspInit
                0x08000278       0x7c CMakeFiles/nonblocking_sync.elf.dir/breath.c.obj
                0x08000278                HAL_TIM_PWM_MspInit
 .text.Breath_Init
                0x080002f4       0xa0 CMakeFiles/nonblocking_sync.elf.dir/breath.c.obj
                0x080002f4                Breath_Init
 .text.Breath_SetBrightness
                0x08000394       0x84 CMakeFiles/nonblocking_sync.elf.dir/breath.c.obj
                0x08000394                Breath_SetBrightness
 .text.SystemInit
                0x08000418       0x68 CMakeFiles/nonblocking_sync.elf.dir/e_/ek/lib/STM32Cube_FW_F1_V1.8.0/Drivers/CMSIS/Device/ST/STM32F1xx/Source/Templates/system_stm32f1xx.c.obj
                0x08000418                SystemInit
 .text.HAL_Init
                0x08000480       0x2c CMakeFiles/nonblocking_sync.elf.dir/e_/ek/lib/STM32Cube_FW_F1_V1.8.0/Drivers/STM32F1xx_HAL_Driver/Src/stm32f1xx_hal.c.obj
                0x08000480                HAL_Init
 .text.HAL_MspInit
                0x080004ac        0xc CMakeFiles/nonblocking_sync.elf.dir/e_/ek/lib/STM32Cube_FW_F1_V1.8.0/Drivers/STM32F1xx_HAL_Driver/Src/stm32f1xx_hal.c.obj
                0x080004ac                HAL_MspInit
 .text.HAL_InitTick
                0x080004b8       0x60 CMakeFiles/nonblocking_sync.elf.dir/e_/ek/lib/STM32Cube_FW_F1_V1.8.0/Drivers/STM32F1xx_HAL_Driver/Src/stm32f1xx_hal.c.obj
                0x080004b8                HAL_InitTick
 .text.HAL_IncTick
                0x08000518       0x24 CMakeFiles/nonblocking_sync.elf.dir/e_/ek/lib/STM32Cube_FW_F1_V1.8.0/Drivers/STM32F1xx_HAL_Driver/Src/stm32f1xx_hal.c.obj
                0x08000518                HAL_IncTick
 .text.HAL_GetTick
                0x0800053c       0x14 CMakeFiles/nonblocking_sync.elf.dir/e_/ek/lib/STM32Cube_FW_F1_V1.8.0/Drivers/STM32F1xx_HAL_Driver/Src/stm32f1xx_hal.c.obj
                0x0800053c                HAL_GetTick
 .text.__NVIC_SetPriorityGrouping
                0x08000550       0x48 CMakeFiles/nonblocking_sync.elf.dir/e_/ek/lib/STM32Cube_FW_F1_V1.8.0/Drivers/STM32F1xx_HAL_Driver/Src/stm32f1xx_hal_cortex.c.obj
 .text.__NVIC_GetPriorityGrouping
                0x08000598       0x1c CMakeFiles/nonblocking_sync.elf.dir/e_/ek/lib/STM32Cube_FW_F1_V1.8.0/Drivers/STM32F1xx_HAL_Driver/Src/stm32f1xx_hal_cortex.c.obj
 .text.__NVIC_SetPriority
                0x080005b4       0x54 CMakeFiles/nonblocking_sync.elf.dir/e_/ek/lib/STM32Cube_FW_F1_V1.8.0/Drivers/STM32F1xx_HAL_Driver/Src/stm32f1xx_hal_cortex.c.obj
 .text.NVIC_EncodePriority
                0x08000608       0x6e CMakeFiles/nonblocking_sync.elf.dir/e_/ek/lib/STM32Cube_FW_F1_V1.8.0/Drivers/STM32F1xx_HAL_Driver/Src/stm32f1xx_hal_cortex.c.obj
 *fill*         0x08000676        0x2 
 .text.SysTick_Config
                0x08000678       0x44 CMakeFiles/nonblocking_sync.elf.dir/e_/ek/lib/STM32Cube_FW_F1_V1.8.0/Drivers/STM32F1xx_HAL_Driver/Src/stm32f1xx_hal_cortex.c.obj
 .text.HAL_NVIC_SetPriorityGrouping
                0x080006bc       0x16 CMakeFiles/nonblocking_sync.elf.dir/e_/ek/lib/STM32Cube_FW_F1_V1.8.0/Drivers/STM32F1xx_HAL_Driver/Src/stm32f1xx_hal_cortex.c.obj
                0x080006bc                HAL_NVIC_SetPriorityGrouping
 .text.HAL_NVIC_SetPriority
                0x080006d2       0x38 CMakeFiles/nonblocking_sync.elf.dir/e_/ek/lib/STM32Cube_FW_F1_V1.8.0/Drivers/STM32F1xx_HAL_Driver/Src/stm32f1xx_hal_cortex.c.obj
                0x080006d2                HAL_NVIC_SetPriority
 .text.HAL_SYSTICK_Config
                0x0800070a       0x18 CMakeFiles/nonblocking_sync.elf.dir/e_/ek/lib/STM32Cube_FW_F1_V1.8.0/Drivers/STM32F1xx_HAL_Driver/Src/stm32f1xx_hal_cortex.c.obj
                0x0800070a                HAL_SYSTICK_Config
 *fill*         0x08000722        0x2 
 .text.HAL_GPIO_Init
                0x08000724      0x2dc CMakeFiles/nonblocking_sync.elf.dir/e_/ek/lib/STM32Cube_FW_F1_V1.8.0/Drivers/STM32F1xx_HAL_Driver/Src/stm32f1xx_hal_gpio.c.obj
                0x08000724                HAL_GPIO_Init
 .text.HAL_GPIO_WritePin
                0x08000a00       0x30 CMakeFiles/nonblocking_sync.elf.dir/e_/ek/lib/STM32Cube_FW_F1_V1.8.0/Drivers/STM32F1xx_HAL_Driver/Src/stm32f1xx_hal_gpio.c.obj
                0x08000a00                HAL_GPIO_WritePin
 .text.HAL_GPIO_TogglePin
                0x08000a30       0x30 CMakeFiles/nonblocking_sync.elf.dir/e_/ek/lib/STM32Cube_FW_F1_V1.8.0/Drivers/STM32F1xx_HAL_Driver/Src/stm32f1xx_hal_gpio.c.obj
                0x08000a30                HAL_GPIO_TogglePin
 .text.HAL_TIM_PWM_Init
                0x08000a60       0x54 CMakeFiles/nonblocking_sync.elf.dir/e_/ek/lib/STM32Cube_FW_F1_V1.8.0/Drivers/STM32F1xx_HAL_Driver/Src/stm32f1xx_hal_tim.c.obj
                0x08000a60                HAL_TIM_PWM_Init
 .text.HAL_TIM_PWM_Start
                0x08000ab4       0x64 CMakeFiles/nonblocking_sync.elf.dir/e_/ek/lib/STM32Cube_FW_F1_V1.8.0/Drivers/STM32F1xx_HAL_Driver/Src/stm32f1xx_hal_tim.c.obj
                0x08000ab4                HAL_TIM_PWM_Start
 .text.HAL_TIM_PWM_ConfigChannel
                0x08000b18      0x174 CMakeFiles/nonblocking_sync.elf.dir/e_/ek/lib/STM32Cube_FW_F1_V1.8.0/Drivers/STM32F1xx_HAL_Driver/Src/stm32f1xx_hal_tim.c.obj
                0x08000b18                HAL_TIM_PWM_ConfigChannel
 .text.TIM_Base_SetConfig
                0x08000c8c       0xc4 CMakeFiles/nonblocking_sync.elf.dir/e_/ek/lib/STM32Cube_FW_F1_V1.8.0/Drivers/STM32F1xx_HAL_Driver/Src/stm32f1xx_hal_tim.c.obj
                0x08000c8c                TIM_Base_SetConfig
 .text.TIM_OC1_SetConfig
                0x08000d50       0xcc CMakeFiles/nonblocking_sync.elf.dir/e_/ek/lib/STM32Cube_FW_F1_V1.8.0/Drivers/STM32F1xx_HAL_Driver/Src/stm32f1xx_hal_tim.c.obj
 .text.TIM_OC2_SetConfig
                0x08000e1c       0xd4 CMakeFiles/nonblocking_sync.elf.dir/e_/ek/lib/STM32Cube_FW_F1_V1.8.0/Drivers/STM32F1xx_HAL_Driver/Src/stm32f1xx_hal_tim.c.obj
                0x08000e1c                TIM_OC2_SetConfig
 .text.TIM_OC3_SetConfig
                0x08000ef0       0xd4 CMakeFiles/nonblocking_sync.elf.dir/e_/ek/lib/STM32Cube_FW_F1_V1.8.0/Drivers/STM32F1xx_HAL_Driver/Src/stm32f1xx_hal_tim.c.obj
 .text.TIM_OC4_SetConfig
                0x08000fc4       0x9c CMakeFiles/nonblocking_sync.elf.dir/e_/ek/lib/STM32Cube_FW_F1_V1.8.0/Drivers/STM32F1xx_HAL_Driver/Src/stm32f1xx_hal_tim.c.obj
 .text.TIM_CCxChannelCmd
                0x08001060       0x48 CMakeFiles/nonblocking_sync.elf.dir/e_/ek/lib/STM32Cube_FW_F1_V1.8.0/Drivers/STM32F1xx_HAL_Driver/Src/stm32f1xx_hal_tim.c.obj
                0x08001060                TIM_CCxChannelCmd
 .text.Reset_Handler
                0x080010a8       0x48 CMakeFiles/nonblocking_sync.elf.dir/e_/ek/lib/STM32Cube_FW_F1_V1.8.0/Drivers/CMSIS/Device/ST/STM32F1xx/Source/Templates/gcc/startup_stm32f103xb.s.obj
                0x080010a8                Reset_Handler
 .text.Default_Handler
                0x080010f0        0x2 CMakeFiles/nonblocking_sync.elf.dir/e_/ek/lib/STM32Cube_FW_F1_V1.8.0/Drivers/CMSIS/Device/ST/STM32F1xx/Source/Templates/gcc/startup_stm32f103xb.s.obj
                0x080010f0                RTC_Alarm_IRQHandler
                0x080010f0                EXTI2_IRQHandler
                0x080010f0                DebugMon_Handler
                0x080010f0                TIM1_CC_IRQHandler
                0x080010f0                HardFault_Handler
                0x080010f0                PVD_IRQHandler
                0x080010f0                PendSV_Handler
                0x080010f0                NMI_Handler
                0x080010f0                EXTI3_IRQHandler
                0x080010f0                EXTI0_IRQHandler
                0x080010f0                I2C2_EV_IRQHandler
                0x080010f0                UsageFault_Handler
                0x080010f0                ADC1_2_IRQHandler
                0x080010f0                SPI1_IRQHandler
                0x080010f0                TAMPER_IRQHandler
                0x080010f0                DMA1_Channel4_IRQHandler
                0x080010f0                USART3_IRQHandler
                0x080010f0                RTC_IRQHandler
                0x080010f0                DMA1_Channel7_IRQHandler
                0x080010f0                CAN1_RX1_IRQHandler
                0x080010f0                TIM4_IRQHandler
                0x080010f0                I2C1_EV_IRQHandler
                0x080010f0                DMA1_Channel6_IRQHandler
                0x080010f0                TIM3_IRQHandler
                0x080010f0                RCC_IRQHandler
                0x080010f0                TIM1_TRG_COM_IRQHandler
                0x080010f0                DMA1_Channel1_IRQHandler
                0x080010f0                Default_Handler
                0x080010f0                EXTI15_10_IRQHandler
                0x080010f0                EXTI9_5_IRQHandler
                0x080010f0                SPI2_IRQHandler
                0x080010f0                MemManage_Handler
                0x080010f0                SVC_Handler
                0x080010f0                DMA1_Channel5_IRQHandler
                0x080010f0                EXTI4_IRQHandler
                0x080010f0                USB_LP_CAN1_RX0_IRQHandler
                0x080010f0                USB_HP_CAN1_TX_IRQHandler
                0x080010f0                DMA1_Channel3_IRQHandler
                0x080010f0                TIM1_UP_IRQHandler
                0x080010f0                WWDG_IRQHandler
                0x080010f0                TIM2_IRQHandler
                0x080010f0                TIM1_BRK_IRQHandler
                0x080010f0                EXTI1_IRQHandler
                0x080010f0                USART2_IRQHandler
                0x080010f0                I2C2_ER_IRQHandler
                0x080010f0                DMA1_Channel2_IRQHandler
                0x080010f0                CAN1_SCE_IRQHandler
                0x080010f0                FLASH_IRQHandler
                0x080010f0                BusFault_Handler
                0x080010f0                USART1_IRQHandler
                0x080010f0                I2C1_ER_IRQHandler
                0x080010f0                USBWakeUp_IRQHandler
 *(.glue_7)
 .glue_7        0x080010f2        0x0 linker stubs
 *(.glue_7t)
 .glue_7t       0x080010f2        0x0 linker stubs
 *(.eh_frame)
 *fill*         0x080010f2        0x2 
 .eh_frame      0x080010f4        0x0 C:/msys64/ucrt64/bin/../lib/gcc/arm-none-eabi/16.1.0/thumb/v7-m/nofp/crtbegin.o
 *(.init)
 .init          0x080010f4        0x4 C:/msys64/ucrt64/bin/../lib/gcc/arm-none-eabi/16.1.0/thumb/v7-m/nofp/crti.o
                0x080010f4                _init
 .init          0x080010f8        0x8 C:/msys64/ucrt64/bin/../lib/gcc/arm-none-eabi/16.1.0/thumb/v7-m/nofp/crtn.o
 *(.fini)
 .fini          0x08001100        0x4 C:/msys64/ucrt64/bin/../lib/gcc/arm-none-eabi/16.1.0/thumb/v7-m/nofp/crti.o
                0x08001100                _fini
 .fini          0x08001104        0x8 C:/msys64/ucrt64/bin/../lib/gcc/arm-none-eabi/16.1.0/thumb/v7-m/nofp/crtn.o
                0x0800110c                        . = ALIGN (0x4)
                0x0800110c                        _etext = .

.vfp11_veneer   0x0800110c        0x0
 .vfp11_veneer  0x0800110c        0x0 linker stubs

.v4_bx          0x0800110c        0x0
 .v4_bx         0x0800110c        0x0 linker stubs

.iplt           0x0800110c        0x0
 .iplt          0x0800110c        0x0 C:/msys64/ucrt64/bin/../lib/gcc/arm-none-eabi/16.1.0/thumb/v7-m/nofp/crtbegin.o

.rodata         0x0800110c      0x110
                0x0800110c                        . = ALIGN (0x4)
 *(.rodata)
 *(.rodata*)
 .rodata.breath_lut
                0x0800110c      0x100 CMakeFiles/nonblocking_sync.elf.dir/breath.c.obj
                0x0800110c                breath_lut
 .rodata.breath_ch
                0x0800120c       0x10 CMakeFiles/nonblocking_sync.elf.dir/breath.c.obj
                0x0800120c                breath_ch
                0x0800121c                        . = ALIGN (0x4)

.rel.dyn        0x0800121c        0x0
 .rel.iplt      0x0800121c        0x0 C:/msys64/ucrt64/bin/../lib/gcc/arm-none-eabi/16.1.0/thumb/v7-m/nofp/crtbegin.o

.ARM.extab
 *(.ARM.extab* .gnu.linkonce.armextab.*)

.ARM            0x0800121c        0x0
                0x0800121c                        __exidx_start = .
 *(.ARM.exidx*)
                0x0800121c                        __exidx_end = .

.preinit_array  0x0800121c        0x0
                0x0800121c                        PROVIDE (__preinit_array_start = .)
 *(.preinit_array*)
                0x0800121c                        PROVIDE (__preinit_array_end = .)

.init_array     0x0800121c        0x4
                0x0800121c                        PROVIDE (__init_array_start = .)
 *(SORT_BY_NAME(.init_array.*))
 *(.init_array*)
 .init_array    0x0800121c        0x4 C:/msys64/ucrt64/bin/../lib/gcc/arm-none-eabi/16.1.0/thumb/v7-m/nofp/crtbegin.o
                0x08001220                        PROVIDE (__init_array_end = .)

.fini_array     0x08001220        0x4
                0x08001220                        PROVIDE (__fini_array_start = .)
 *(SORT_BY_NAME(.fini_array.*))
 *(.fini_array*)
 .fini_array    0x08001220        0x4 C:/msys64/ucrt64/bin/../lib/gcc/arm-none-eabi/16.1.0/thumb/v7-m/nofp/crtbegin.o
                0x08001224                        PROVIDE (__fini_array_end = .)
                0x08001224                        _sidata = LOADADDR (.data)

.data           0x20000000        0xc load address 0x08001224
                0x20000000                        . = ALIGN (0x4)
                0x20000000                        _sdata = .
 *(.data)
 *(.data*)
 .data.SystemCoreClock
                0x20000000        0x4 CMakeFiles/nonblocking_sync.elf.dir/e_/ek/lib/STM32Cube_FW_F1_V1.8.0/Drivers/CMSIS/Device/ST/STM32F1xx/Source/Templates/system_stm32f1xx.c.obj
                0x20000000                SystemCoreClock
 .data.uwTickPrio
                0x20000004        0x4 CMakeFiles/nonblocking_sync.elf.dir/e_/ek/lib/STM32Cube_FW_F1_V1.8.0/Drivers/STM32F1xx_HAL_Driver/Src/stm32f1xx_hal.c.obj
                0x20000004                uwTickPrio
 .data.uwTickFreq
                0x20000008        0x1 CMakeFiles/nonblocking_sync.elf.dir/e_/ek/lib/STM32Cube_FW_F1_V1.8.0/Drivers/STM32F1xx_HAL_Driver/Src/stm32f1xx_hal.c.obj
                0x20000008                uwTickFreq
                0x2000000c                        . = ALIGN (0x4)
 *fill*         0x20000009        0x3 
                0x2000000c                        _edata = .

.igot.plt       0x2000000c        0x0 load address 0x08001230
 .igot.plt      0x2000000c        0x0 C:/msys64/ucrt64/bin/../lib/gcc/arm-none-eabi/16.1.0/thumb/v7-m/nofp/crtbegin.o
                0x2000000c                        . = ALIGN (0x4)

.bss            0x2000000c       0x60 load address 0x08001230
                0x2000000c                        _sbss = .
                0x2000000c                        __bss_start__ = _sbss
 *(.bss)
 .bss           0x2000000c       0x1c C:/msys64/ucrt64/bin/../lib/gcc/arm-none-eabi/16.1.0/thumb/v7-m/nofp/crtbegin.o
 *(.bss*)
 .bss.htim2     0x20000028       0x40 CMakeFiles/nonblocking_sync.elf.dir/breath.c.obj
                0x20000028                htim2
 .bss.uwTick    0x20000068        0x4 CMakeFiles/nonblocking_sync.elf.dir/e_/ek/lib/STM32Cube_FW_F1_V1.8.0/Drivers/STM32F1xx_HAL_Driver/Src/stm32f1xx_hal.c.obj
                0x20000068                uwTick
 *(COMMON)
                0x2000006c                        . = ALIGN (0x4)
                0x2000006c                        _ebss = .
                0x2000006c                        __bss_end__ = _ebss

._user_heap_stack
                0x2000006c      0x604 load address 0x08001230
                0x20000070                        . = ALIGN (0x8)
 *fill*         0x2000006c        0x4 
                0x20000070                        PROVIDE (end = .)
                [!provide]                        PROVIDE (_end = .)
                0x20000270                        . = (. + _Min_Heap_Size)
 *fill*         0x20000070      0x200 
                0x20000670                        . = (. + _Min_Stack_Size)
 *fill*         0x20000270      0x400 
                0x20000670                        . = ALIGN (0x8)

/DISCARD/
 libc.a(*)
 libm.a(*)
 libgcc.a(*)

.ARM.attributes
                0x00000000       0x29
 *(.ARM.attributes)
 .ARM.attributes
                0x00000000       0x1d C:/msys64/ucrt64/bin/../lib/gcc/arm-none-eabi/16.1.0/thumb/v7-m/nofp/crti.o
 .ARM.attributes
                0x0000001d       0x2d C:/msys64/ucrt64/bin/../lib/gcc/arm-none-eabi/16.1.0/thumb/v7-m/nofp/crtbegin.o
 .ARM.attributes
                0x0000004a       0x2d CMakeFiles/nonblocking_sync.elf.dir/nonblocking_sync.c.obj
 .ARM.attributes
                0x00000077       0x2d CMakeFiles/nonblocking_sync.elf.dir/breath.c.obj
 .ARM.attributes
                0x000000a4       0x2d CMakeFiles/nonblocking_sync.elf.dir/e_/ek/lib/STM32Cube_FW_F1_V1.8.0/Drivers/CMSIS/Device/ST/STM32F1xx/Source/Templates/system_stm32f1xx.c.obj
 .ARM.attributes
                0x000000d1       0x2d CMakeFiles/nonblocking_sync.elf.dir/e_/ek/lib/STM32Cube_FW_F1_V1.8.0/Drivers/STM32F1xx_HAL_Driver/Src/stm32f1xx_hal.c.obj
 .ARM.attributes
                0x000000fe       0x2d CMakeFiles/nonblocking_sync.elf.dir/e_/ek/lib/STM32Cube_FW_F1_V1.8.0/Drivers/STM32F1xx_HAL_Driver/Src/stm32f1xx_hal_cortex.c.obj
 .ARM.attributes
                0x0000012b       0x2d CMakeFiles/nonblocking_sync.elf.dir/e_/ek/lib/STM32Cube_FW_F1_V1.8.0/Drivers/STM32F1xx_HAL_Driver/Src/stm32f1xx_hal_gpio.c.obj
 .ARM.attributes
                0x00000158       0x2d CMakeFiles/nonblocking_sync.elf.dir/e_/ek/lib/STM32Cube_FW_F1_V1.8.0/Drivers/STM32F1xx_HAL_Driver/Src/stm32f1xx_hal_tim.c.obj
 .ARM.attributes
                0x00000185       0x21 CMakeFiles/nonblocking_sync.elf.dir/e_/ek/lib/STM32Cube_FW_F1_V1.8.0/Drivers/CMSIS/Device/ST/STM32F1xx/Source/Templates/gcc/startup_stm32f103xb.s.obj
 .ARM.attributes
                0x000001a6       0x2d C:/msys64/ucrt64/bin/../lib/gcc/arm-none-eabi/16.1.0/../../../../arm-none-eabi/lib/thumb/v7-m/nofp\libc_nano.a(libc_a-init.o)
 .ARM.attributes
                0x000001d3       0x1d C:/msys64/ucrt64/bin/../lib/gcc/arm-none-eabi/16.1.0/thumb/v7-m/nofp/crtn.o
OUTPUT(nonblocking_sync.elf elf32-littlearm)
LOAD linker stubs
LOAD C:/msys64/ucrt64/bin/../lib/gcc/arm-none-eabi/16.1.0/../../../../arm-none-eabi/lib/thumb/v7-m/nofp\libc.a
LOAD C:/msys64/ucrt64/bin/../lib/gcc/arm-none-eabi/16.1.0/../../../../arm-none-eabi/lib/thumb/v7-m/nofp\libm.a
LOAD C:/msys64/ucrt64/bin/../lib/gcc/arm-none-eabi/16.1.0/thumb/v7-m/nofp\libgcc.a

.comment        0x00000000       0x24
 .comment       0x00000000       0x24 CMakeFiles/nonblocking_sync.elf.dir/nonblocking_sync.c.obj
                                 0x13 (size before relaxing)
 .comment       0x00000024        0x0 CMakeFiles/nonblocking_sync.elf.dir/breath.c.obj
                                 0x13 (size before relaxing)
 .comment       0x00000024        0x0 CMakeFiles/nonblocking_sync.elf.dir/e_/ek/lib/STM32Cube_FW_F1_V1.8.0/Drivers/CMSIS/Device/ST/STM32F1xx/Source/Templates/system_stm32f1xx.c.obj
                                 0x13 (size before relaxing)
 .comment       0x00000024        0x0 CMakeFiles/nonblocking_sync.elf.dir/e_/ek/lib/STM32Cube_FW_F1_V1.8.0/Drivers/STM32F1xx_HAL_Driver/Src/stm32f1xx_hal.c.obj
                                 0x13 (size before relaxing)
 .comment       0x00000024        0x0 CMakeFiles/nonblocking_sync.elf.dir/e_/ek/lib/STM32Cube_FW_F1_V1.8.0/Drivers/STM32F1xx_HAL_Driver/Src/stm32f1xx_hal_cortex.c.obj
                                 0x13 (size before relaxing)
 .comment       0x00000024        0x0 CMakeFiles/nonblocking_sync.elf.dir/e_/ek/lib/STM32Cube_FW_F1_V1.8.0/Drivers/STM32F1xx_HAL_Driver/Src/stm32f1xx_hal_gpio.c.obj
                                 0x13 (size before relaxing)
 .comment       0x00000024        0x0 CMakeFiles/nonblocking_sync.elf.dir/e_/ek/lib/STM32Cube_FW_F1_V1.8.0/Drivers/STM32F1xx_HAL_Driver/Src/stm32f1xx_hal_tim.c.obj
                                 0x13 (size before relaxing)
 .comment       0x00000024        0x0 C:/msys64/ucrt64/bin/../lib/gcc/arm-none-eabi/16.1.0/../../../../arm-none-eabi/lib/thumb/v7-m/nofp\libc_nano.a(libc_a-init.o)
                                 0x13 (size before relaxing)

.debug_info     0x00000000      0x10b
 .debug_info    0x00000000      0x10b C:/msys64/ucrt64/bin/../lib/gcc/arm-none-eabi/16.1.0/../../../../arm-none-eabi/lib/thumb/v7-m/nofp\libc_nano.a(libc_a-init.o)

.debug_abbrev   0x00000000       0xc9
 .debug_abbrev  0x00000000       0xc9 C:/msys64/ucrt64/bin/../lib/gcc/arm-none-eabi/16.1.0/../../../../arm-none-eabi/lib/thumb/v7-m/nofp\libc_nano.a(libc_a-init.o)

.debug_loclists
                0x00000000       0x65
 .debug_loclists
                0x00000000       0x65 C:/msys64/ucrt64/bin/../lib/gcc/arm-none-eabi/16.1.0/../../../../arm-none-eabi/lib/thumb/v7-m/nofp\libc_nano.a(libc_a-init.o)

.debug_aranges  0x00000000       0x20
 .debug_aranges
                0x00000000       0x20 C:/msys64/ucrt64/bin/../lib/gcc/arm-none-eabi/16.1.0/../../../../arm-none-eabi/lib/thumb/v7-m/nofp\libc_nano.a(libc_a-init.o)

.debug_line     0x00000000      0x13b
 .debug_line    0x00000000      0x13b C:/msys64/ucrt64/bin/../lib/gcc/arm-none-eabi/16.1.0/../../../../arm-none-eabi/lib/thumb/v7-m/nofp\libc_nano.a(libc_a-init.o)

.debug_str      0x00000000      0x1a6
 .debug_str     0x00000000      0x1a6 C:/msys64/ucrt64/bin/../lib/gcc/arm-none-eabi/16.1.0/../../../../arm-none-eabi/lib/thumb/v7-m/nofp\libc_nano.a(libc_a-init.o)
                                0x1df (size before relaxing)

.debug_frame    0x00000000       0x2c
 .debug_frame   0x00000000       0x2c C:/msys64/ucrt64/bin/../lib/gcc/arm-none-eabi/16.1.0/../../../../arm-none-eabi/lib/thumb/v7-m/nofp\libc_nano.a(libc_a-init.o)
